Modules list:
-------------
interrupt.o:
    CODE              Offs=000000  Size=000013  Align=00001  Fill=0000
vectors.o:
    VECTORS           Offs=000000  Size=000006  Align=00001  Fill=0000
wait.o:
    CODE              Offs=000013  Size=000004  Align=00001  Fill=0000
rs232_tx.o:
    CODE              Offs=000017  Size=00001B  Align=00001  Fill=0000
    ZEROPAGE          Offs=000000  Size=000002  Align=00001  Fill=0000
main.o:
    CODE              Offs=000032  Size=00005E  Align=00001  Fill=0000
    RODATA            Offs=000000  Size=000082  Align=00001  Fill=0000
sbc.lib(condes.o):
    CODE              Offs=000090  Size=00000C  Align=00001  Fill=0000
    DATA              Offs=000000  Size=000025  Align=00001  Fill=0000
    ONCE              Offs=000000  Size=00000C  Align=00001  Fill=0000
sbc.lib(copydata.o):
    CODE              Offs=00009C  Size=00002D  Align=00001  Fill=0000
sbc.lib(crt0.o):
    STARTUP           Offs=000000  Size=00001C  Align=00001  Fill=0000
sbc.lib(ldaxsp.o):
    CODE              Offs=0000C9  Size=000009  Align=00001  Fill=0000
sbc.lib(pusha.o):
    CODE              Offs=0000D2  Size=000016  Align=00001  Fill=0000
sbc.lib(pushax.o):
    CODE              Offs=0000E8  Size=00001A  Align=00001  Fill=0000
sbc.lib(staxsp.o):
    CODE              Offs=000102  Size=00000B  Align=00001  Fill=0000
sbc.lib(subysp.o):
    CODE              Offs=00010D  Size=00000D  Align=00001  Fill=0000
sbc.lib(zerobss.o):
    CODE              Offs=00011A  Size=000023  Align=00001  Fill=0000
sbc.lib(zeropage.o):
    ZEROPAGE          Offs=000002  Size=00001A  Align=00001  Fill=0000


Segment list:
-------------
Name                   Start     End    Size  Align
----------------------------------------------------
ZEROPAGE              000000  00001B  00001C  00001
DATA                  000200  000224  000025  00001
STARTUP               008025  008040  00001C  00001
ONCE                  008041  00804C  00000C  00001
CODE                  00804D  008189  00013D  00001
RODATA                00818A  00820B  000082  00001
VECTORS               00FFFA  00FFFF  000006  00001


Exports list by name:
---------------------
__BSS_RUN__               000225 RLA    __BSS_SIZE__              000000 REA    
__CONSTRUCTOR_COUNT__     000000 REA    __CONSTRUCTOR_TABLE__     008041 RLA    
__DATA_LOAD__             008000 RLA    __DATA_RUN__              000200 RLA    
__DATA_SIZE__             000025 REA    __DESTRUCTOR_COUNT__      000000 REA    
__DESTRUCTOR_TABLE__      008041 RLA    __RAM_SIZE__              003DFF REA    
__RAM_START__             000200 RLA    __STARTUP__               000001 REA    
_init                     008025 RLA    _irq_int                  00804E RLA    
_main                     00807F RLA    _nmi_int                  00804D RLA    
_stop                     008063 RLA    copydata                  0080E9 RLA    
donelib                   0080DD RLA    initlib                   008041 RLA    
ldaxysp                   008118 RLA    ptr1                      00000A RLZ    
ptr2                      00000C RLZ    push0                     008135 RLA    
pusha                     008123 RLA    regsave                   000006 RLZ    
sp                        000002 RLZ    staxysp                   008151 RLA    
subysp                    00815A RLA    tmp1                      000012 RLZ    
zerobss                   008167 RLA    


Exports list by value:
----------------------
__BSS_SIZE__              000000 REA    __CONSTRUCTOR_COUNT__     000000 REA    
__DESTRUCTOR_COUNT__      000000 REA    __STARTUP__               000001 REA    
sp                        000002 RLZ    regsave                   000006 RLZ    
ptr1                      00000A RLZ    ptr2                      00000C RLZ    
tmp1                      000012 RLZ    __DATA_SIZE__             000025 REA    
__DATA_RUN__              000200 RLA    __RAM_START__             000200 RLA    
__BSS_RUN__               000225 RLA    __RAM_SIZE__              003DFF REA    
__DATA_LOAD__             008000 RLA    _init                     008025 RLA    
__CONSTRUCTOR_TABLE__     008041 RLA    __DESTRUCTOR_TABLE__      008041 RLA    
initlib                   008041 RLA    _nmi_int                  00804D RLA    
_irq_int                  00804E RLA    _stop                     008063 RLA    
_main                     00807F RLA    donelib                   0080DD RLA    
copydata                  0080E9 RLA    ldaxysp                   008118 RLA    
pusha                     008123 RLA    push0                     008135 RLA    
staxysp                   008151 RLA    subysp                    00815A RLA    
zerobss                   008167 RLA    


Imports list:
-------------
__BSS_RUN__ ([linker generated]):
    zerobss.o                 common/zerobss.s(8)
__BSS_SIZE__ ([linker generated]):
    zerobss.o                 common/zerobss.s(8)
__CONSTRUCTOR_COUNT__ ([linker generated]):
    condes.o                  runtime/condes.s(18)
__CONSTRUCTOR_TABLE__ ([linker generated]):
    condes.o                  runtime/condes.s(18)
__DATA_LOAD__ ([linker generated]):
    copydata.o                common/copydata.s(8)
__DATA_RUN__ ([linker generated]):
    copydata.o                common/copydata.s(8)
__DATA_SIZE__ ([linker generated]):
    copydata.o                common/copydata.s(8)
__DESTRUCTOR_COUNT__ ([linker generated]):
    condes.o                  runtime/condes.s(19)
__DESTRUCTOR_TABLE__ ([linker generated]):
    condes.o                  runtime/condes.s(19)
__RAM_SIZE__ ([linker generated]):
    crt0.o                    crt0.s(11)
__RAM_START__ ([linker generated]):
    crt0.o                    crt0.s(11)
__STARTUP__ (crt0.o):
    main.o                    main.s(13)
_init (crt0.o):
    vectors.o                 vectors.s(7)
_irq_int (interrupt.o):
    vectors.o                 vectors.s(8)
_main (main.o):
    crt0.o                    crt0.s(8)
_nmi_int (interrupt.o):
    vectors.o                 vectors.s(8)
_stop (wait.o):
    interrupt.o               interrupt.s(9)
copydata (copydata.o):
    crt0.o                    crt0.s(13)
donelib (condes.o):
    crt0.o                    crt0.s(13)
initlib (condes.o):
    crt0.o                    crt0.s(13)
ldaxysp (ldaxsp.o):
    main.o                    main.s(82)
ptr1 (zeropage.o):
    copydata.o                common/copydata.s(9)
    zerobss.o                 common/zerobss.s(9)
    main.o                    main.s(11)
ptr2 (zeropage.o):
    copydata.o                common/copydata.s(9)
push0 (pushax.o):
    main.o                    main.s(82)
pusha (pusha.o):
    main.o                    main.s(82)
regsave (zeropage.o):
    main.o                    main.s(10)
sp (zeropage.o):
    subysp.o                  runtime/subysp.s(9)
    staxsp.o                  runtime/staxsp.s(8)
    pushax.o                  runtime/pushax.s(8)
    pusha.o                   runtime/pusha.s(8)
    ldaxsp.o                  runtime/ldaxsp.s(8)
    crt0.o                    /usr/share/cc65/asminc/zeropage.inc(11)
    main.o                    main.s(10)
staxysp (staxsp.o):
    main.o                    main.s(82)
subysp (subysp.o):
    main.o                    main.s(82)
tmp1 (zeropage.o):
    copydata.o                common/copydata.s(9)
zerobss (zerobss.o):
    crt0.o                    crt0.s(13)

