Modules list:
-------------
interrupt.o:
    CODE              Offs=000000  Size=000013  Align=00001  Fill=0000
vectors.o:
    VECTORS           Offs=000000  Size=000006  Align=00001  Fill=0000
wait.o:
    CODE              Offs=000013  Size=000004  Align=00001  Fill=0000
main.o:
    CODE              Offs=000017  Size=0000F6  Align=00001  Fill=0000
    DATA              Offs=000000  Size=000016  Align=00001  Fill=0000
sbc.lib(condes.o):
    CODE              Offs=00010D  Size=00000C  Align=00001  Fill=0000
    DATA              Offs=000016  Size=000025  Align=00001  Fill=0000
    ONCE              Offs=000000  Size=00000C  Align=00001  Fill=0000
sbc.lib(copydata.o):
    CODE              Offs=000119  Size=00002D  Align=00001  Fill=0000
sbc.lib(crt0.o):
    STARTUP           Offs=000000  Size=00001C  Align=00001  Fill=0000
sbc.lib(incsp2.o):
    CODE              Offs=000146  Size=000015  Align=00001  Fill=0000
sbc.lib(ldaxsp.o):
    CODE              Offs=00015B  Size=000009  Align=00001  Fill=0000
sbc.lib(pushax.o):
    CODE              Offs=000164  Size=00001A  Align=00001  Fill=0000
sbc.lib(zerobss.o):
    CODE              Offs=00017E  Size=000023  Align=00001  Fill=0000
sbc.lib(zeropage.o):
    ZEROPAGE          Offs=000000  Size=00001A  Align=00001  Fill=0000


Segment list:
-------------
Name                   Start     End    Size  Align
----------------------------------------------------
ZEROPAGE              000000  000019  00001A  00001
DATA                  000200  00023A  00003B  00001
STARTUP               00803B  008056  00001C  00001
ONCE                  008057  008062  00000C  00001
CODE                  008063  008203  0001A1  00001
VECTORS               00FFFA  00FFFF  000006  00001


Exports list by name:
---------------------
__BSS_RUN__               00023B RLA    __BSS_SIZE__              000000 REA    
__CONSTRUCTOR_COUNT__     000000 REA    __CONSTRUCTOR_TABLE__     008057 RLA    
__DATA_LOAD__             008000 RLA    __DATA_RUN__              000200 RLA    
__DATA_SIZE__             00003B REA    __DESTRUCTOR_COUNT__      000000 REA    
__DESTRUCTOR_TABLE__      008057 RLA    __RAM_SIZE__              003DFF REA    
__RAM_START__             000200 RLA    __STARTUP__               000001 REA    
_init                     00803B RLA    _irq_int                  008064 RLA    
_main                     008169 RLA    _nmi_int                  008063 RLA    
_stop                     008079 RLA    copydata                  00817C RLA    
donelib                   008170 RLA    incsp2                    0081B0 RLA    
initlib                   008057 RLA    ldax0sp                   0081BE RLA    
ptr1                      000008 RLZ    ptr2                      00000A RLZ    
pushax                    0081CB RLA    sp                        000000 RLZ    
tmp1                      000010 RLZ    zerobss                   0081E1 RLA    



Exports list by value:
----------------------
__BSS_SIZE__              000000 REA    __CONSTRUCTOR_COUNT__     000000 REA    
__DESTRUCTOR_COUNT__      000000 REA    sp                        000000 RLZ    
__STARTUP__               000001 REA    ptr1                      000008 RLZ    
ptr2                      00000A RLZ    tmp1                      000010 RLZ    
__DATA_SIZE__             00003B REA    __DATA_RUN__              000200 RLA    
__RAM_START__             000200 RLA    __BSS_RUN__               00023B RLA    
__RAM_SIZE__              003DFF REA    __DATA_LOAD__             008000 RLA    
_init                     00803B RLA    __CONSTRUCTOR_TABLE__     008057 RLA    
__DESTRUCTOR_TABLE__      008057 RLA    initlib                   008057 RLA    
_nmi_int                  008063 RLA    _irq_int                  008064 RLA    
_stop                     008079 RLA    _main                     008169 RLA    
donelib                   008170 RLA    copydata                  00817C RLA    
incsp2                    0081B0 RLA    ldax0sp                   0081BE RLA    
pushax                    0081CB RLA    zerobss                   0081E1 RLA    



Imports list:
-------------
__BSS_RUN__ ([linker generated]):
    zerobss.o                 common/zerobss.s(8)
__BSS_SIZE__ ([linker generated]):
    zerobss.o                 common/zerobss.s(8)
__CONSTRUCTOR_COUNT__ ([linker generated]):
    condes.o                  runtime/condes.s(18)
__CONSTRUCTOR_TABLE__ ([linker generated]):
    condes.o                  runtime/condes.s(18)
__DATA_LOAD__ ([linker generated]):
    copydata.o                common/copydata.s(8)
__DATA_RUN__ ([linker generated]):
    copydata.o                common/copydata.s(8)
__DATA_SIZE__ ([linker generated]):
    copydata.o                common/copydata.s(8)
__DESTRUCTOR_COUNT__ ([linker generated]):
    condes.o                  runtime/condes.s(19)
__DESTRUCTOR_TABLE__ ([linker generated]):
    condes.o                  runtime/condes.s(19)
__RAM_SIZE__ ([linker generated]):
    crt0.o                    crt0.s(11)
__RAM_START__ ([linker generated]):
    crt0.o                    crt0.s(11)
__STARTUP__ (crt0.o):
    main.o                    main.s(13)
_init (crt0.o):
    vectors.o                 vectors.s(7)
_irq_int (interrupt.o):
    vectors.o                 vectors.s(8)
_main (main.o):
    crt0.o                    crt0.s(8)
_nmi_int (interrupt.o):
    vectors.o                 vectors.s(8)
_stop (wait.o):
    interrupt.o               interrupt.s(9)
copydata (copydata.o):
    crt0.o                    crt0.s(13)
donelib (condes.o):
    crt0.o                    crt0.s(13)
incsp2 (incsp2.o):
    main.o                    main.s(215)
initlib (condes.o):
    crt0.o                    crt0.s(13)
ldax0sp (ldaxsp.o):
    main.o                    main.s(215)
ptr1 (zeropage.o):
    copydata.o                common/copydata.s(9)
    zerobss.o                 common/zerobss.s(9)
    main.o                    main.s(11)
ptr2 (zeropage.o):
    copydata.o                common/copydata.s(9)
pushax (pushax.o):
    main.o                    main.s(215)
sp (zeropage.o):
    pushax.o                  runtime/pushax.s(8)
    ldaxsp.o                  runtime/ldaxsp.s(8)
    incsp2.o                  runtime/incsp2.s(8)
    crt0.o                    /usr/share/cc65/asminc/zeropage.inc(11)
tmp1 (zeropage.o):
    copydata.o                common/copydata.s(9)
    main.o                    main.s(11)
zerobss (zerobss.o):
    crt0.o                    crt0.s(13)

