Modules list:
-------------
interrupt.o:
    CODE              Offs=000000  Size=000013  Align=00001  Fill=0000
vectors.o:
    VECTORS           Offs=000000  Size=000006  Align=00001  Fill=0000
wait.o:
    CODE              Offs=000013  Size=000004  Align=00001  Fill=0000
rs232_tx.o:
    CODE              Offs=000017  Size=00001B  Align=00001  Fill=0000
    ZEROPAGE          Offs=000000  Size=000002  Align=00001  Fill=0000
main.o:
    CODE              Offs=000032  Size=0000B3  Align=00001  Fill=0000
    RODATA            Offs=000000  Size=000082  Align=00001  Fill=0000
sbc.lib(condes.o):
    CODE              Offs=0000E5  Size=00000C  Align=00001  Fill=0000
    DATA              Offs=000000  Size=000025  Align=00001  Fill=0000
    ONCE              Offs=000000  Size=00000C  Align=00001  Fill=0000
sbc.lib(copydata.o):
    CODE              Offs=0000F1  Size=00002D  Align=00001  Fill=0000
sbc.lib(crt0.o):
    STARTUP           Offs=000000  Size=00001C  Align=00001  Fill=0000
sbc.lib(incsp2.o):
    CODE              Offs=00011E  Size=000015  Align=00001  Fill=0000
sbc.lib(ldaxi.o):
    CODE              Offs=000133  Size=00000D  Align=00001  Fill=0000
sbc.lib(ldaxsp.o):
    CODE              Offs=000140  Size=000009  Align=00001  Fill=0000
sbc.lib(pusha.o):
    CODE              Offs=000149  Size=000016  Align=00001  Fill=0000
sbc.lib(pushax.o):
    CODE              Offs=00015F  Size=00001A  Align=00001  Fill=0000
sbc.lib(staxsp.o):
    CODE              Offs=000179  Size=00000B  Align=00001  Fill=0000
sbc.lib(staxspi.o):
    CODE              Offs=000184  Size=00001A  Align=00001  Fill=0000
sbc.lib(subysp.o):
    CODE              Offs=00019E  Size=00000D  Align=00001  Fill=0000
sbc.lib(zerobss.o):
    CODE              Offs=0001AB  Size=000023  Align=00001  Fill=0000
sbc.lib(zeropage.o):
    ZEROPAGE          Offs=000002  Size=00001A  Align=00001  Fill=0000


Segment list:
-------------
Name                   Start     End    Size  Align
----------------------------------------------------
ZEROPAGE              000000  00001B  00001C  00001
DATA                  000200  000224  000025  00001
STARTUP               008025  008040  00001C  00001
ONCE                  008041  00804C  00000C  00001
CODE                  00804D  00821A  0001CE  00001
RODATA                00821B  00829C  000082  00001
VECTORS               00FFFA  00FFFF  000006  00001


Exports list by name:
---------------------
__BSS_RUN__               000225 RLA    __BSS_SIZE__              000000 REA    
__CONSTRUCTOR_COUNT__     000000 REA    __CONSTRUCTOR_TABLE__     008041 RLA    
__DATA_LOAD__             008000 RLA    __DATA_RUN__              000200 RLA    
__DATA_SIZE__             000025 REA    __DESTRUCTOR_COUNT__      000000 REA    
__DESTRUCTOR_TABLE__      008041 RLA    __RAM_SIZE__              003DFF REA    
__RAM_START__             000200 RLA    __STARTUP__               000001 REA    
_init                     008025 RLA    _irq_int                  00804E RLA    
_main                     00807F RLA    _nmi_int                  00804D RLA    
_stop                     008063 RLA    copydata                  00813E RLA    
donelib                   008132 RLA    incsp2                    008172 RLA    
initlib                   008041 RLA    ldaxi                     008180 RLA    
ldaxysp                   00818F RLA    ptr1                      00000A RLZ    
ptr2                      00000C RLZ    push0                     0081AC RLA    
pusha                     00819A RLA    pushax                    0081B0 RLA    
regsave                   000006 RLZ    sp                        000002 RLZ    
staxspidx                 0081D1 RLA    staxysp                   0081C8 RLA    
subysp                    0081EB RLA    tmp1                      000012 RLZ    
zerobss                   0081F8 RLA    


Exports list by value:
----------------------
__BSS_SIZE__              000000 REA    __CONSTRUCTOR_COUNT__     000000 REA    
__DESTRUCTOR_COUNT__      000000 REA    __STARTUP__               000001 REA    
sp                        000002 RLZ    regsave                   000006 RLZ    
ptr1                      00000A RLZ    ptr2                      00000C RLZ    
tmp1                      000012 RLZ    __DATA_SIZE__             000025 REA    
__DATA_RUN__              000200 RLA    __RAM_START__             000200 RLA    
__BSS_RUN__               000225 RLA    __RAM_SIZE__              003DFF REA    
__DATA_LOAD__             008000 RLA    _init                     008025 RLA    
__CONSTRUCTOR_TABLE__     008041 RLA    __DESTRUCTOR_TABLE__      008041 RLA    
initlib                   008041 RLA    _nmi_int                  00804D RLA    
_irq_int                  00804E RLA    _stop                     008063 RLA    
_main                     00807F RLA    donelib                   008132 RLA    
copydata                  00813E RLA    incsp2                    008172 RLA    
ldaxi                     008180 RLA    ldaxysp                   00818F RLA    
pusha                     00819A RLA    push0                     0081AC RLA    
pushax                    0081B0 RLA    staxysp                   0081C8 RLA    
staxspidx                 0081D1 RLA    subysp                    0081EB RLA    
zerobss                   0081F8 RLA    


Imports list:
-------------
__BSS_RUN__ ([linker generated]):
    zerobss.o                 common/zerobss.s(8)
__BSS_SIZE__ ([linker generated]):
    zerobss.o                 common/zerobss.s(8)
__CONSTRUCTOR_COUNT__ ([linker generated]):
    condes.o                  runtime/condes.s(18)
__CONSTRUCTOR_TABLE__ ([linker generated]):
    condes.o                  runtime/condes.s(18)
__DATA_LOAD__ ([linker generated]):
    copydata.o                common/copydata.s(8)
__DATA_RUN__ ([linker generated]):
    copydata.o                common/copydata.s(8)
__DATA_SIZE__ ([linker generated]):
    copydata.o                common/copydata.s(8)
__DESTRUCTOR_COUNT__ ([linker generated]):
    condes.o                  runtime/condes.s(19)
__DESTRUCTOR_TABLE__ ([linker generated]):
    condes.o                  runtime/condes.s(19)
__RAM_SIZE__ ([linker generated]):
    crt0.o                    crt0.s(11)
__RAM_START__ ([linker generated]):
    crt0.o                    crt0.s(11)
__STARTUP__ (crt0.o):
    main.o                    main.s(13)
_init (crt0.o):
    vectors.o                 vectors.s(7)
_irq_int (interrupt.o):
    vectors.o                 vectors.s(8)
_main (main.o):
    crt0.o                    crt0.s(8)
_nmi_int (interrupt.o):
    vectors.o                 vectors.s(8)
_stop (wait.o):
    interrupt.o               interrupt.s(9)
copydata (copydata.o):
    crt0.o                    crt0.s(13)
donelib (condes.o):
    crt0.o                    crt0.s(13)
incsp2 (incsp2.o):
    staxspi.o                 runtime/staxspi.s(9)
initlib (condes.o):
    crt0.o                    crt0.s(13)
ldaxi (ldaxi.o):
    main.o                    main.s(121)
ldaxysp (ldaxsp.o):
    main.o                    main.s(121)
ptr1 (zeropage.o):
    copydata.o                common/copydata.s(9)
    zerobss.o                 common/zerobss.s(9)
    staxspi.o                 runtime/staxspi.s(10)
    ldaxi.o                   runtime/ldaxi.s(8)
    main.o                    main.s(11)
ptr2 (zeropage.o):
    copydata.o                common/copydata.s(9)
push0 (pushax.o):
    main.o                    main.s(121)
pusha (pusha.o):
    main.o                    main.s(121)
pushax (pushax.o):
    main.o                    main.s(121)
regsave (zeropage.o):
    main.o                    main.s(10)
sp (zeropage.o):
    incsp2.o                  runtime/incsp2.s(8)
    subysp.o                  runtime/subysp.s(9)
    staxspi.o                 runtime/staxspi.s(10)
    staxsp.o                  runtime/staxsp.s(8)
    pushax.o                  runtime/pushax.s(8)
    pusha.o                   runtime/pusha.s(8)
    ldaxsp.o                  runtime/ldaxsp.s(8)
    crt0.o                    /usr/share/cc65/asminc/zeropage.inc(11)
    main.o                    main.s(10)
staxspidx (staxspi.o):
    main.o                    main.s(121)
staxysp (staxsp.o):
    main.o                    main.s(121)
subysp (subysp.o):
    main.o                    main.s(121)
tmp1 (zeropage.o):
    copydata.o                common/copydata.s(9)
    staxspi.o                 runtime/staxspi.s(10)
zerobss (zerobss.o):
    crt0.o                    crt0.s(13)

